Feb-09 22:57:40.276 [main] DEBUG nextflow.cli.Launcher - $> nextflow run /afs/crc.nd.edu/user/m/mzarodn2/Private/soft/CogentAP/main.nf --analysis demux --fastq1 /afs/crc/group/TIMELab/SpaceU87_Nov2024/ILMN_2346_HarkerBrent_ND_1Pool_Nov2024//combo_R1.fastq.gz --fastq2 /afs/crc/group/TIMELab/SpaceU87_Nov2024/ILMN_2346_HarkerBrent_ND_1Pool_Nov2024//combo_R2.fastq.gz --type_of_experiment stranded_umi --output_dir /afs/crc/group/TIMELab/SpaceU87_Nov2024/CogentAP_OUT/ --barcodes_file /afs/crc/group/TIMELab/SpaceU87_Nov2024/WellList.txt
Feb-09 22:57:40.385 [main] DEBUG nextflow.cli.CmdRun - N E X T F L O W  ~  version 24.04.4
Feb-09 22:57:40.446 [main] DEBUG nextflow.plugin.PluginsFacade - Setting up plugin manager > mode=prod; embedded=false; plugins-dir=/afs/crc.nd.edu/user/m/mzarodn2/.nextflow/plugins; core-plugins: nf-amazon@2.5.3,nf-azure@1.6.1,nf-cloudcache@0.4.1,nf-codecommit@0.2.1,nf-console@1.1.3,nf-ga4gh@1.3.0,nf-google@1.13.2-patch1,nf-tower@1.9.1,nf-wave@1.4.2-patch1
Feb-09 22:57:40.457 [main] INFO  o.pf4j.DefaultPluginStatusProvider - Enabled plugins: []
Feb-09 22:57:40.458 [main] INFO  o.pf4j.DefaultPluginStatusProvider - Disabled plugins: []
Feb-09 22:57:40.460 [main] INFO  org.pf4j.DefaultPluginManager - PF4J version 3.12.0 in 'deployment' mode
Feb-09 22:57:40.471 [main] INFO  org.pf4j.AbstractPluginManager - No plugins
Feb-09 22:57:40.489 [main] DEBUG nextflow.config.ConfigBuilder - Found config base: /afs/crc.nd.edu/user/m/mzarodn2/Private/soft/CogentAP/nextflow.config
Feb-09 22:57:40.491 [main] DEBUG nextflow.config.ConfigBuilder - Parsing config file: /afs/crc.nd.edu/user/m/mzarodn2/Private/soft/CogentAP/nextflow.config
Feb-09 22:57:40.512 [main] DEBUG n.secret.LocalSecretsProvider - Secrets store: /afs/crc.nd.edu/user/m/mzarodn2/.nextflow/secrets/store.json
Feb-09 22:57:40.514 [main] DEBUG nextflow.secret.SecretsLoader - Discovered secrets providers: [nextflow.secret.LocalSecretsProvider@6bff19ff] - activable => nextflow.secret.LocalSecretsProvider@6bff19ff
Feb-09 22:57:40.538 [main] DEBUG nextflow.config.ConfigBuilder - Applying config profile: `standard`
Feb-09 22:57:41.556 [main] DEBUG nextflow.cli.CmdRun - Applied DSL=2 from script declaration
Feb-09 22:57:41.573 [main] DEBUG nextflow.cli.CmdRun - Launching `/afs/crc.nd.edu/user/m/mzarodn2/Private/soft/CogentAP/main.nf` [soggy_rutherford] DSL2 - revision: f5cc25a2dd
Feb-09 22:57:41.574 [main] DEBUG nextflow.plugin.PluginsFacade - Plugins default=[]
Feb-09 22:57:41.575 [main] DEBUG nextflow.plugin.PluginsFacade - Plugins resolved requirement=[]
Feb-09 22:57:41.621 [main] DEBUG nextflow.Session - Session UUID: a22d9782-5f40-4a0c-87f3-4ee15ef32f71
Feb-09 22:57:41.621 [main] DEBUG nextflow.Session - Run name: soggy_rutherford
Feb-09 22:57:41.622 [main] DEBUG nextflow.Session - Executor pool size: 24
Feb-09 22:57:41.628 [main] DEBUG nextflow.file.FilePorter - File porter settings maxRetries=3; maxTransfers=50; pollTimeout=null
Feb-09 22:57:41.632 [main] DEBUG nextflow.util.ThreadPoolBuilder - Creating thread pool 'FileTransfer' minSize=10; maxSize=72; workQueue=LinkedBlockingQueue[10000]; allowCoreThreadTimeout=false
Feb-09 22:57:41.654 [main] DEBUG nextflow.cli.CmdRun - 
  Version: 24.04.4 build 5917
  Created: 01-08-2024 07:05 UTC (03:05 EDT)
  System: Linux 5.14.0-503.11.1.el9_5.x86_64
  Runtime: Groovy 4.0.21 on OpenJDK 64-Bit Server VM 21-internal-adhoc.conda.src
  Encoding: UTF-8 (UTF-8)
  Process: 2515049@d32cepyc190.crc.nd.edu [10.32.91.147]
  CPUs: 24 - Mem: 250.9 GB (2.3 GB) - Swap: 0 (0)
Feb-09 22:57:41.709 [main] DEBUG nextflow.Session - Work-dir: /afs/crc.nd.edu/group/TIMELab/SpaceU87_Nov2024/work [afs]
Feb-09 22:57:41.792 [main] DEBUG nextflow.executor.ExecutorFactory - Extension executors providers=[]
Feb-09 22:57:41.809 [main] DEBUG nextflow.Session - Observer factory: DefaultObserverFactory
Feb-09 22:57:41.859 [main] DEBUG nextflow.cache.CacheFactory - Using Nextflow cache factory: nextflow.cache.DefaultCacheFactory
Feb-09 22:57:41.867 [main] DEBUG nextflow.util.CustomThreadPool - Creating default thread pool > poolSize: 25; maxThreads: 1000
Feb-09 22:57:41.932 [main] DEBUG nextflow.Session - Session start
Feb-09 22:57:41.938 [main] DEBUG nextflow.Session - Using default localLib path: /afs/crc.nd.edu/user/m/mzarodn2/Private/soft/CogentAP/lib
Feb-09 22:57:42.017 [main] DEBUG nextflow.Session - Adding to the classpath library: /afs/crc.nd.edu/user/m/mzarodn2/Private/soft/CogentAP/lib
Feb-09 22:57:42.300 [main] DEBUG nextflow.script.ScriptRunner - > Launching execution
Feb-09 22:57:42.317 [main] INFO  nextflow.Nextflow - Name: Cogent Analysis Pipeline NGS Tool Suite
Version: v3.1.22
Analysis type: demux
--
run as: nextflow run /afs/crc.nd.edu/user/m/mzarodn2/Private/soft/CogentAP/main.nf --analysis demux --fastq1 /afs/crc/group/TIMELab/SpaceU87_Nov2024/ILMN_2346_HarkerBrent_ND_1Pool_Nov2024//combo_R1.fastq.gz --fastq2 /afs/crc/group/TIMELab/SpaceU87_Nov2024/ILMN_2346_HarkerBrent_ND_1Pool_Nov2024//combo_R2.fastq.gz --type_of_experiment stranded_umi --output_dir /afs/crc/group/TIMELab/SpaceU87_Nov2024/CogentAP_OUT/ --barcodes_file /afs/crc/group/TIMELab/SpaceU87_Nov2024/WellList.txt
started at: 2025-02-09T22:57:41.826696680-05:00
config files: [/afs/crc.nd.edu/user/m/mzarodn2/Private/soft/CogentAP/nextflow.config]

Feb-09 22:57:45.268 [main] DEBUG nextflow.script.ProcessConfig - Config settings `withName:DEMUX` matches process DEMUX_WORKFLOW:DEMUX
Feb-09 22:57:45.277 [main] DEBUG nextflow.executor.ExecutorFactory - << taskConfig executor: null
Feb-09 22:57:45.278 [main] DEBUG nextflow.executor.ExecutorFactory - >> processorType: 'local'
Feb-09 22:57:45.282 [main] DEBUG nextflow.executor.Executor - [warm up] executor > local
Feb-09 22:57:45.288 [main] DEBUG n.processor.LocalPollingMonitor - Creating local task monitor for executor 'local' > cpus=24; memory=250.9 GB; capacity=24; pollInterval=100ms; dumpInterval=5m
Feb-09 22:57:45.289 [main] DEBUG n.processor.TaskPollingMonitor - >>> barrier register (monitor: local)
Feb-09 22:57:45.334 [main] DEBUG nextflow.Session - Workflow process names [dsl2]: FASTQC_TRIM, SALMON_QUANT_UMIONLY, DEDUP_UMITOOLS, COGENTDS_REPORT, CREATE_GENE_INFO, PROCESS_EXON_INTRON, STAR_FUSION_INDEX, ANNOTATION_DOWNLOAD, CONCAT_BINNED_READS, PICARD_MARKDUPLICATES, COGENTDS_REPORT_UMIONLY, PREPROCESS_SUMMARY_FILES, FASTQC_DEMUX, DNA_QC_REPORT, IMMUNE_REPORT, DEDUP_UMITOOLS_UMIONLY, PROCESS_EXON_ISOFORMS_UMIONLY, DNA_REPORT, PICARD_DSSORT, SAMTOOLS_FILTERUNMAPPED, SORTMERNA_INDEX, TRIMMOMATIC, SORTMERNA, PICARD_DSMARKDUPLICATES, GINKGO_PROCESS, SAMTOOLS_BAMTOBED, DEMUX_WORKFLOW:DEMUX, PICARD_SORTSAM, BOWTIE2_ALIGN, STAR_FUSION_REPORT, STAR_ALIGN, FINALIZE_SEURAT_OBJECTS_UMIONLY, GFFREAD_INTRON, FASTQC, BOWTIE2_INDEX, STAR_LOAD_GENOME, COVERAGE, GENOME_DOWNLOAD, FILTER_READS, CUTADAPT, MODIFY_FUSION_OUT, GINKGO_DOWNLOAD, GINKGO_BINUNSORTED, DEMUX, MULTIQC_REPORT, PICARD_INSERTMETRICS, FINALIZE_SEURAT_OBJECTS, CREATE_ANALYZE_STATS, STAR_FUSION, SAMTOOLS_DOWNSAMPLE, CORRELATION, CREATE_TRANSCRIPT_INFO, PROCESS_EXON_ISOFORMS, COLLECT_BAMS, CLEAN_COUNTS, SORTMERNA_DOWNLOAD, STAR_INDEX, PICARD_DSALIGNMETRICS, PROCESS_EXON_INTRON_UMIONLY, SALMON_QUANT, ADD_INTRONS_TO_GTF, TRUST4, MITOCHONDRIAL_GENE_LIST
Feb-09 22:57:45.350 [main] DEBUG nextflow.Session - Igniting dataflow network (4)
Feb-09 22:57:45.354 [main] DEBUG nextflow.processor.TaskProcessor - Starting process > DEMUX_WORKFLOW:DEMUX
Feb-09 22:57:45.356 [main] DEBUG nextflow.script.ScriptRunner - Parsed script files:
  Script_5963506d9d3f53cd: /afs/crc.nd.edu/user/m/mzarodn2/Private/soft/CogentAP/./workflows/./../modules/modify_fusion_out.nf
  Script_c5127ce69c0cadb5: /afs/crc.nd.edu/user/m/mzarodn2/Private/soft/CogentAP/./workflows/../modules/cutadapt.nf
  Script_73b063fdc40581af: /afs/crc.nd.edu/user/m/mzarodn2/Private/soft/CogentAP/./workflows/../modules/cogentds_report.nf
  Script_19bbb3468350c541: /afs/crc.nd.edu/user/m/mzarodn2/Private/soft/CogentAP/./workflows/../modules/dedup_umitools.nf
  Script_1625b3fded7de57a: /afs/crc.nd.edu/user/m/mzarodn2/Private/soft/CogentAP/./workflows/../modules/filter_reads.nf
  Script_ccab21a674da209d: /afs/crc.nd.edu/user/m/mzarodn2/Private/soft/CogentAP/./workflows/../modules/genome_download.nf
  Script_acea9072868db22b: /afs/crc.nd.edu/user/m/mzarodn2/Private/soft/CogentAP/./workflows/../modules/add_introns_to_gtf.nf
  Script_fbf2947faedc64b7: /afs/crc.nd.edu/user/m/mzarodn2/Private/soft/CogentAP/./workflows/../modules/create_gene_info.nf
  Script_af07636e91cd6986: /afs/crc.nd.edu/user/m/mzarodn2/Private/soft/CogentAP/./workflows/../modules/picard_markduplicates.nf
  Script_c0c9ea48d3ad3d01: /afs/crc.nd.edu/user/m/mzarodn2/Private/soft/CogentAP/./workflows/./../modules/star_fusion.nf
  Script_443384f5cd6993d2: /afs/crc.nd.edu/user/m/mzarodn2/Private/soft/CogentAP/./workflows/../modules/finalize_seurat_objects.nf
  Script_d8509b3fcd7dd3d5: /afs/crc.nd.edu/user/m/mzarodn2/Private/soft/CogentAP/./workflows/../modules/star_load_genome.nf
  Script_06dd0cbec4e9c86e: /afs/crc.nd.edu/user/m/mzarodn2/Private/soft/CogentAP/./workflows/../modules/picard_insertmetrics.nf
  Script_40af553540200c13: /afs/crc.nd.edu/user/m/mzarodn2/Private/soft/CogentAP/./workflows/rna_analyze_workflow.nf
  Script_e7db09fd65142107: /afs/crc.nd.edu/user/m/mzarodn2/Private/soft/CogentAP/./workflows/../modules/create_analyze_stats.nf
  Script_2b83ddc203e5f5b2: /afs/crc.nd.edu/user/m/mzarodn2/Private/soft/CogentAP/./workflows/../modules/picard_dssort.nf
  Script_31bb2036c397820b: /afs/crc.nd.edu/user/m/mzarodn2/Private/soft/CogentAP/./workflows/../modules/star_index.nf
  Script_281e2575bb7028a9: /afs/crc.nd.edu/user/m/mzarodn2/Private/soft/CogentAP/./workflows/../modules/samtools_filterunmapped.nf
  Script_aaadc0c99800dbb3: /afs/crc.nd.edu/user/m/mzarodn2/Private/soft/CogentAP/./workflows/../modules/sortmerna_index.nf
  Script_8dcf6a3e1654dfc9: /afs/crc.nd.edu/user/m/mzarodn2/Private/soft/CogentAP/./workflows/../modules/concat_binned_reads.nf
  Script_575cad6fe06e528c: /afs/crc.nd.edu/user/m/mzarodn2/Private/soft/CogentAP/./workflows/../modules/mitochondrial_gene_list.nf
  Script_10ed99ae739ec20d: /afs/crc.nd.edu/user/m/mzarodn2/Private/soft/CogentAP/./workflows/../modules/ginkgo_binunsorted.nf
  Script_54d12eb11f18ad07: /afs/crc.nd.edu/user/m/mzarodn2/Private/soft/CogentAP/./workflows/../modules/demux.nf
  Script_d1b05ba5e0e754c5: /afs/crc.nd.edu/user/m/mzarodn2/Private/soft/CogentAP/./workflows/../modules/star_fusion_report.nf
  Script_ed6d03892f724bdb: /afs/crc.nd.edu/user/m/mzarodn2/Private/soft/CogentAP/./workflows/../modules/create_transcript_info.nf
  Script_cd98ddb5454ff9d5: /afs/crc.nd.edu/user/m/mzarodn2/Private/soft/CogentAP/./workflows/../modules/clean_counts.nf
  Script_5e8c1fd047c0fa7a: /afs/crc.nd.edu/user/m/mzarodn2/Private/soft/CogentAP/./workflows/../modules/picard_dsmarkduplicates.nf
  Script_b53bbc15207cea7d: /afs/crc.nd.edu/user/m/mzarodn2/Private/soft/CogentAP/./workflows/../modules/sortmerna_download.nf
  Script_06a859996ee025da: /afs/crc.nd.edu/user/m/mzarodn2/Private/soft/CogentAP/./workflows/../modules/ginkgo_download.nf
  Script_e7f506239b1bc459: /afs/crc.nd.edu/user/m/mzarodn2/Private/soft/CogentAP/./workflows/../modules/sortmerna.nf
  Script_a8d726b64262e09a: /afs/crc.nd.edu/user/m/mzarodn2/Private/soft/CogentAP/./workflows/../modules/bowtie2_align.nf
  Script_9b1f5fc58a7da052: /afs/crc.nd.edu/user/m/mzarodn2/Private/soft/CogentAP/./workflows/../modules/samtools_downsample.nf
  Script_9919b1e82eb97cb0: /afs/crc.nd.edu/user/m/mzarodn2/Private/soft/CogentAP/./workflows/../modules/trimmomatic.nf
  Script_9108b90d9c5c3ad4: /afs/crc.nd.edu/user/m/mzarodn2/Private/soft/CogentAP/./workflows/immune_workflow.nf
  Script_4c885ad42387b840: /afs/crc.nd.edu/user/m/mzarodn2/Private/soft/CogentAP/./workflows/../modules/process_exon_isoforms.nf
  Script_16a501f9ac094f00: /afs/crc.nd.edu/user/m/mzarodn2/Private/soft/CogentAP/./workflows/../modules/preprocess_summary_files.nf
  Script_8d16901e17da4124: /afs/crc.nd.edu/user/m/mzarodn2/Private/soft/CogentAP/./workflows/../modules/correlation.nf
  Script_cdfe72a028dc10f3: /afs/crc.nd.edu/user/m/mzarodn2/Private/soft/CogentAP/./workflows/../modules/fastqc_trim.nf
  Script_8b51e079df1b23a3: /afs/crc.nd.edu/user/m/mzarodn2/Private/soft/CogentAP/./workflows/./fusion_workflow.nf
  Script_2f59f289039af269: /afs/crc.nd.edu/user/m/mzarodn2/Private/soft/CogentAP/./workflows/dna_analyze_workflow.nf
  Script_f75782469a325794: /afs/crc.nd.edu/user/m/mzarodn2/Private/soft/CogentAP/./workflows/./../modules/immune_report.nf
  Script_fda86bc7a3c3ea3b: /afs/crc.nd.edu/user/m/mzarodn2/Private/soft/CogentAP/./workflows/../modules/dna_qc_report.nf
  Script_c683db722f225110: /afs/crc.nd.edu/user/m/mzarodn2/Private/soft/CogentAP/./workflows/../modules/salmon_quant.nf
  Script_c415623856a720c7: /afs/crc.nd.edu/user/m/mzarodn2/Private/soft/CogentAP/./workflows/../modules/fastqc.nf
  Script_e988d3c345066494: /afs/crc.nd.edu/user/m/mzarodn2/Private/soft/CogentAP/./workflows/../modules/star_fusion_index.nf
  Script_c57fe85432dc3523: /afs/crc.nd.edu/user/m/mzarodn2/Private/soft/CogentAP/./workflows/../modules/picard_dsalignmetrics.nf
  Script_6979f722ec8c2e7b: /afs/crc.nd.edu/user/m/mzarodn2/Private/soft/CogentAP/./workflows/../modules/bowtie2_index.nf
  Script_5926a989216fc943: /afs/crc.nd.edu/user/m/mzarodn2/Private/soft/CogentAP/./workflows/../modules/star_align.nf
  Script_830f76367c69a9d7: /afs/crc.nd.edu/user/m/mzarodn2/Private/soft/CogentAP/./workflows/../modules/ginkgo_process.nf
  Script_7543b0eb9ce1a867: /afs/crc.nd.edu/user/m/mzarodn2/Private/soft/CogentAP/./workflows/../modules/samtools_bamtobed.nf
  Script_1dba15c1c1cc6d5a: /afs/crc.nd.edu/user/m/mzarodn2/Private/soft/CogentAP/./workflows/../modules/annotation_download.nf
  Script_a6dd0c93c24deb74: /afs/crc.nd.edu/user/m/mzarodn2/Private/soft/CogentAP/./workflows/../modules/process_exon_intron.nf
  Script_8bde8d65bf41fed5: /afs/crc.nd.edu/user/m/mzarodn2/Private/soft/CogentAP/./workflows/./../modules/trust4.nf
  Script_3cc70d565e03c150: /afs/crc.nd.edu/user/m/mzarodn2/Private/soft/CogentAP/./workflows/../modules/fastqc_demux.nf
  Script_bb970ae8bbdf6bd9: /afs/crc.nd.edu/user/m/mzarodn2/Private/soft/CogentAP/./workflows/../modules/coverage.nf
  Script_3f01ad94d014f841: /afs/crc.nd.edu/user/m/mzarodn2/Private/soft/CogentAP/main.nf
  Script_5c1d59960e19c07e: /afs/crc.nd.edu/user/m/mzarodn2/Private/soft/CogentAP/./workflows/../modules/gffread_intron.nf
  Script_d52965746d0e5f6f: /afs/crc.nd.edu/user/m/mzarodn2/Private/soft/CogentAP/./workflows/demux_workflow.nf
  Script_e5dd2c08e1b1216d: /afs/crc.nd.edu/user/m/mzarodn2/Private/soft/CogentAP/./workflows/../modules/picard_sortsam.nf
  Script_2cf61ec2294d7b80: /afs/crc.nd.edu/user/m/mzarodn2/Private/soft/CogentAP/./workflows/../modules/collect_bams.nf
  Script_91c3f017c00d831a: /afs/crc.nd.edu/user/m/mzarodn2/Private/soft/CogentAP/./workflows/../modules/multiqc_report.nf
  Script_3f9a015b72d646b3: /afs/crc.nd.edu/user/m/mzarodn2/Private/soft/CogentAP/./workflows/../modules/dna_report.nf
  Script_0b4c5d5e5facc14d: /afs/crc.nd.edu/user/m/mzarodn2/Private/soft/CogentAP/./workflows/add_genome_workflow.nf
Feb-09 22:57:45.356 [main] DEBUG nextflow.script.ScriptRunner - > Awaiting termination 
Feb-09 22:57:45.356 [main] DEBUG nextflow.Session - Session await
Feb-09 22:57:45.516 [Actor Thread 5] INFO  nextflow.conda.CondaCache - Creating env using mamba: /afs/crc.nd.edu/user/m/mzarodn2/Private/soft/CogentAP/config/env/demux_env.yaml [cache /afs/crc.nd.edu/group/TIMELab/SpaceU87_Nov2024/work/conda/demux_env-530d1c72b601278fdcb02537580e1de6]
